NAIM@NAIM-PC MINGW64 ~/datamex1019/module-1/lab-bash (lab-bash)
$ ls
exercices/  inputs/  lorem/  lorem-copy/  outputs/  README.md

NAIM@NAIM-PC MINGW64 ~/datamex1019/module-1/lab-bash (lab-bash)
$ echo "Hello World"
Hello World

NAIM@NAIM-PC MINGW64 ~/datamex1019/module-1/lab-bash (lab-bash)
$ mkdir directorio_ejemplo

NAIM@NAIM-PC MINGW64 ~/datamex1019/module-1/lab-bash (lab-bash)
$ ls
directorio_ejemplo/  inputs/  lorem-copy/  README.md
exercices/           lorem/   outputs/

NAIM@NAIM-PC MINGW64 ~/datamex1019/module-1/lab-bash (lab-bash)
$ rmdir directorio_ejemplo

NAIM@NAIM-PC MINGW64 ~/datamex1019/module-1/lab-bash (lab-bash)
$ ls
exercices/  inputs/  lorem/  lorem-copy/  outputs/  README.md

NAIM@NAIM-PC MINGW64 ~/datamex1019/module-1/lab-bash/lorem (lab-bash)
$ ls
at.txt  lorem.txt  sed.txt

NAIM@NAIM-PC MINGW64 ~/datamex1019/module-1/lab-bash/lorem (lab-bash)
$ cp sed.txt ../lorem-copy

NAIM@NAIM-PC MINGW64 ~/datamex1019/module-1/lab-bash/lorem (lab-bash)
$ cd ..

NAIM@NAIM-PC MINGW64 ~/datamex1019/module-1/lab-bash (lab-bash)
$ cd lorem-copy

NAIM@NAIM-PC MINGW64 ~/datamex1019/module-1/lab-bash/lorem-copy (lab-bash)
$ ls
sed.txt

NAIM@NAIM-PC MINGW64 ~/datamex1019/module-1/lab-bash/lorem (lab-bash)
$ cp at.txt ../lorem-copy | cp lorem.txt ../lorem-copy

NAIM@NAIM-PC MINGW64 ~/datamex1019/module-1/lab-bash/lorem (lab-bash)
$ cd ..

NAIM@NAIM-PC MINGW64 ~/datamex1019/module-1/lab-bash (lab-bash)
$ cd lorem-copy

NAIM@NAIM-PC MINGW64 ~/datamex1019/module-1/lab-bash/lorem-copy (lab-bash)
$ ls
at.txt  lorem.txt  sed.txt

NAIM@NAIM-PC MINGW64 ~/datamex1019/module-1/lab-bash/lorem (lab-bash)
$ cat sed.txt
Sed ut perspiciatis unde omnis iste natus error sit voluptatem accusantium doloremque laudantium,
totam rem aperiam, eaque ipsa quae ab illo inventore veritatis et quasi architecto beatae vitae dicta sunt explicabo.
Nemo enim ipsam voluptatem quia voluptas sit aspernatur aut odit aut fugit,
sed quia consequuntur magni dolores eos qui ratione voluptatem sequi nesciunt.
Neque porro quisquam est, qui dolorem ipsum quia dolor sit amet, consectetur, adipisci velit,
sed quia non numquam eius modi tempora incidunt ut labore et dolore magnam aliquam quaerat voluptatem.
Ut enim ad minima veniam, quis nostrum exercitationem ullam corporis suscipit laboriosam,
nisi ut aliquid ex ea commodi consequatur? Quis autem vel eum iure reprehenderit qui in ea voluptate velit esse quam nihil molestiae consequatur,
vel illum qui dolorem eum fugiat quo voluptas nulla pariatur?

$ head at.txt lorem.txt
==> at.txt <==
At vero eos et accusamus et iusto odio dignissimos ducimus qui blanditiis praesentium voluptatum
deleniti atque corrupti quos dolores et quas molestias excepturi sint occaecati cupiditate non
provident, similique sunt in culpa qui officia deserunt mollitia animi, id est laborum et dolorum fuga.
Et harum quidem rerum facilis est et expedita distinctio.
Nam libero tempore, cum soluta nobis est eligendi optio cumque nihil impedit quo minus id quod
maxime placeat facere possimus, omnis voluptas assumenda est, omnis dolor repellendus.
Temporibus autem quibusdam et aut officiis debitis aut rerum necessitatibus saepe eveniet
ut et voluptates repudiandae sint et molestiae non recusandae.
Itaque earum rerum hic tenetur a sapiente delectus, ut aut reiciendis voluptatibus maiores
alias consequatur aut perferendis doloribus asperiores repellat
==> lorem.txt <==
Lorem ipsum dolor sit amet, consectetur adipiscing elit, sed do eiusmod tempor incididunt ut labore et dolore magna aliqua.
Ut enim ad minim veniam, quis nostrud exercitation ullamco laboris nisi ut aliquip ex ea commodo consequat.
Duis aute irure dolor in reprehenderit in voluptate velit esse cillum dolore eu fugiat nulla pariatur.
Excepteur sint occaecat cupidatat non proident, sunt in culpa qui officia deserunt mollit anim id est laborum.

NAIM@NAIM-PC MINGW64 ~/datamex1019/module-1/lab-bash/lorem-copy (lab-bash)
$ head -3 sed.txt
Sed ut perspiciatis unde omnis iste natus error sit voluptatem accusantium doloremque laudantium,
totam rem aperiam, eaque ipsa quae ab illo inventore veritatis et quasi architecto beatae vitae dicta sunt explicabo.
Nemo enim ipsam voluptatem quia voluptas sit aspernatur aut odit aut fugit,

NAIM@NAIM-PC MINGW64 ~/datamex1019/module-1/lab-bash/lorem-copy (lab-bash)
$ echo -n "Homo homini lupus." >> sed.txt

NAIM@NAIM-PC MINGW64 ~/datamex1019/module-1/lab-bash/lorem-copy (lab-bash)
$ tail -n 3 sed.txt
Ut enim ad minima veniam, quis nostrum exercitationem ullam corporis suscipit laboriosam,
nisi ut aliquid ex ea commodi consequatur? Quis autem vel eum iure reprehenderit qui in ea voluptate velit esse quam nihil molestiae consequatur,
vel illum qui dolorem eum fugiat quo voluptas nulla pariatur?Homo homini lupus.

NAIM@NAIM-PC MINGW64 ~/datamex1019/module-1/lab-bash/lorem-copy (lab-bash)
$ sed 's/et/ET/g' sed.txt
Sed ut perspiciatis unde omnis iste natus error sit voluptatem accusantium doloremque laudantium,
totam rem aperiam, eaque ipsa quae ab illo inventore veritatis ET quasi architecto beatae vitae dicta sunt explicabo.
Nemo enim ipsam voluptatem quia voluptas sit aspernatur aut odit aut fugit,
sed quia consequuntur magni dolores eos qui ratione voluptatem sequi nesciunt.
Neque porro quisquam est, qui dolorem ipsum quia dolor sit amET, consectETur, adipisci velit,
sed quia non numquam eius modi tempora incidunt ut labore ET dolore magnam aliquam quaerat voluptatem.
Ut enim ad minima veniam, quis nostrum exercitationem ullam corporis suscipit laboriosam,
nisi ut aliquid ex ea commodi consequatur? Quis autem vel eum iure reprehenderit qui in ea voluptate velit esse quam nihil molestiae consequatur,
vel illum qui dolorem eum fugiat quo voluptas nulla pariatur?Homo homini lupus.

NAIM@NAIM-PC MINGW64 ~/datamex1019/module-1/lab-bash/lorem (lab-bash)
$ pwd
/c/Users/NAIM/datamex1019/module-1/lab-bash/lorem

NAIM@NAIM-PC MINGW64 ~/datamex1019/module-1/lab-bash/lorem (lab-bash)
$ ls *.txt
at.txt  lorem.txt  sed.txt

NAIM@NAIM-PC MINGW64 ~/datamex1019/module-1/lab-bash/lorem (lab-bash)
$ cat sed.txt| wc sed.txt
  8 129 881 sed.txt

NAIM@NAIM-PC MINGW64 ~/datamex1019/module-1/lab-bash/lorem (lab-bash)
$ ls lorem*
lorem.txt

NAIM@NAIM-PC MINGW64 ~/datamex1019/module-1/lab-bash/lorem (lab-bash)
$ grep et at.txt
At vero eos et accusamus et iusto odio dignissimos ducimus qui blanditiis praesentium voluptatum
deleniti atque corrupti quos dolores et quas molestias excepturi sint occaecati cupiditate non
provident, similique sunt in culpa qui officia deserunt mollitia animi, id est laborum et dolorum fuga.
Et harum quidem rerum facilis est et expedita distinctio.
Temporibus autem quibusdam et aut officiis debitis aut rerum necessitatibus saepe eveniet
ut et voluptates repudiandae sint et molestiae non recusandae.
Itaque earum rerum hic tenetur a sapiente delectus, ut aut reiciendis voluptatibus maiores
